../Core/Src/app.c:43:20:crit_enter	4	static,ignoring_inline_asm
../Core/Src/app.c:44:20:crit_exit	4	static,ignoring_inline_asm
../Core/Src/app.c:132:12:finite_f	16	static
../Core/Src/app.c:140:14:clamp01	16	static
../Core/Src/app.c:148:13:uart_print	16	static
../Core/Src/app.c:152:13:uart_println	16	static
../Core/Src/app.c:159:16:uart_changes_blocked	8	static
../Core/Src/app.c:169:13:pwm_set	24	static
../Core/Src/app.c:184:13:leds_update_from_mode	8	static
../Core/Src/app.c:205:13:reset_control	16	static
../Core/Src/app.c:227:14:plant_step	72	static
../Core/Src/app.c:272:14:pi_step	40	static
../Core/Src/app.c:306:14:inv_ref_step_01	24	static
../Core/Src/app.c:326:13:mode_str	16	static
../Core/Src/app.c:363:13:btn_init	24	static
../Core/Src/app.c:375:16:btn_update_press_event	24	static
../Core/Src/app.c:419:13:step_ref_or_gain	16	static
../Core/Src/app.c:473:6:app_pwm_period_start	8	static
../Core/Src/app.c:482:6:app_pwm_pulse_end	8	static
../Core/Src/app.c:494:6:app_init	8	static
../Core/Src/app.c:530:6:app_tick_1khz	40	static
../Core/Src/app.c:702:6:app_button_event	8	static
../Core/Src/app.c:754:6:app_cli_process_line	536	static,ignoring_inline_asm
