../Core/Src/main.c:58:5:main	8	static,ignoring_inline_asm
../Core/Src/main.c:97:6:SystemClock_Config	88	static
../Core/Src/main.c:137:13:MX_TIM2_Init	64	static
../Core/Src/main.c:181:13:MX_TIM3_Init	32	static
../Core/Src/main.c:208:13:MX_USART2_UART_Init	8	static
../Core/Src/main.c:230:13:MX_GPIO_Init	48	static
../Core/Src/main.c:273:13:uart_tx	16	static
../Core/Src/main.c:282:6:HAL_TIM_PeriodElapsedCallback	16	static
../Core/Src/main.c:295:6:HAL_TIM_PWM_PulseFinishedCallback	16	static
../Core/Src/main.c:303:6:HAL_GPIO_EXTI_Callback	16	static
../Core/Src/main.c:308:6:HAL_UART_RxCpltCallback	24	static
../Core/Src/main.c:343:6:Error_Handler	4	static,ignoring_inline_asm
